
//ADD A NEW FILE IN GITHUB
Shaik@LAPTOP-38HHNVSM MINGW64 ~/Desktop/GITHUB SAMPLE (main)
$ git status
On branch main
Your branch is up to date with 'origin/main'.

Untracked files:
  (use "git add <file>..." to include in what will be committed)
        GITHUB SAMPLE 2.docx

nothing added to commit but untracked files present (use "git add" to track)

Shaik@LAPTOP-38HHNVSM MINGW64 ~/Desktop/GITHUB SAMPLE (main)
$ git add .

Shaik@LAPTOP-38HHNVSM MINGW64 ~/Desktop/GITHUB SAMPLE (main)
$ git statues
git: 'statues' is not a git command. See 'git --help'.

The most similar command is
        status

Shaik@LAPTOP-38HHNVSM MINGW64 ~/Desktop/GITHUB SAMPLE (main)
$ git status
On branch main
Your branch is up to date with 'origin/main'.

Changes to be committed:
  (use "git restore --staged <file>..." to unstage)
        new file:   GITHUB SAMPLE 2.docx


Shaik@LAPTOP-38HHNVSM MINGW64 ~/Desktop/GITHUB SAMPLE (main)
$ git commit -m "added GITHUB SAMPLE 2"
[main 9d7bcf3] added GITHUB SAMPLE 2
 1 file changed, 0 insertions(+), 0 deletions(-)
 create mode 100644 GITHUB SAMPLE 2.docx

Shaik@LAPTOP-38HHNVSM MINGW64 ~/Desktop/GITHUB SAMPLE (main)
$ git status
On branch main
Your branch is ahead of 'origin/main' by 1 commit.
  (use "git push" to publish your local commits)

nothing to commit, working tree clean

Shaik@LAPTOP-38HHNVSM MINGW64 ~/Desktop/GITHUB SAMPLE (main)
$ git push
Enumerating objects: 4, done.
Counting objects: 100% (4/4), done.
Delta compression using up to 12 threads
Compressing objects: 100% (3/3), done.
Writing objects: 100% (3/3), 10.61 KiB | 3.54 MiB/s, done.
Total 3 (delta 0), reused 0 (delta 0), pack-reused 0 (from 0)
To https://github.com/AftabCloud/sample-Github.git
   9c03d31..9d7bcf3  main -> main

Shaik@LAPTOP-38HHNVSM MINGW64 ~/Desktop/GITHUB SAMPLE (main)
$
